../Application/User/Core/controlTask.cpp:25:1:ControlClass::ControlClass()	0	static
../Application/User/Core/controlTask.cpp:29:5:int ControlClass::getVar(char*)	0	static
../Application/User/Core/controlTask.cpp:34:6:void ControlClass::changeVar(int)	0	static
../Application/User/Core/controlTask.cpp:40:15:ControlClass* controlVarUpdate(ControlClass*, int)	0	static
../Application/User/Core/controlTask.cpp:45:6:int controlGetVar(ControlClass*, char*)	0	static
../Application/User/Core/controlTask.cpp:49:6:void ControlClass::controlTemp(float)	0	static
../Application/User/Core/controlTask.cpp:79:6:void ControlClass::controlFlow(float)	0	static
../Application/User/Core/controlTask.cpp:111:6:void ControlClass::measurementUpdate(PassDataMeasHandle)	0	static
../Application/User/Core/controlTask.cpp:130:6:void controlMeasurementUpdate(ControlClass*, PassDataMeas*)	0	static
../Application/User/Core/controlTask.cpp:137:6:void ControlClass::systemRun()	8	static
../Application/User/Core/controlTask.cpp:378:6:void controlSystemRun(ControlClass*)	0	static
../Application/User/Core/controlTask.cpp:385:6:void ControlClass::systemUpdateSV(PassDataSVHandle)	0	static
../Application/User/Core/controlTask.cpp:403:6:void controlSystemUpdateSV(ControlClass*, PassDataSVHandle)	0	static
../Application/User/Core/controlTask.cpp:410:6:void controlSystemPassData(ControlClass*)	0	static
../Application/User/Core/controlTask.cpp:419:27:cpp)	0	static
