../Application/User/Core/controlTask.cpp:20:1:ControlClass::ControlClass()	0	static
../Application/User/Core/controlTask.cpp:24:5:int ControlClass::getVar(char*)	0	static
../Application/User/Core/controlTask.cpp:29:6:void ControlClass::changeVar(int)	0	static
../Application/User/Core/controlTask.cpp:35:15:ControlClass* controlVarUpdate(ControlClass*, int)	0	static
../Application/User/Core/controlTask.cpp:40:6:int controlGetVar(ControlClass*, char*)	0	static
../Application/User/Core/controlTask.cpp:44:6:void ControlClass::controlTemp(float)	0	static
../Application/User/Core/controlTask.cpp:74:6:void ControlClass::controlFlow(float)	0	static
../Application/User/Core/controlTask.cpp:106:6:void ControlClass::measurementUpdate(PassDataMeasHandle)	0	static
../Application/User/Core/controlTask.cpp:124:6:void controlMeasurementUpdate(ControlClass*, PassDataMeas*)	0	static
../Application/User/Core/controlTask.cpp:131:6:void ControlClass::systemRun()	8	static
../Application/User/Core/controlTask.cpp:359:6:void controlSystemRun(ControlClass*)	0	static
../Application/User/Core/controlTask.cpp:366:6:void ControlClass::systemUpdateSV(PassDataSVHandle)	0	static
../Application/User/Core/controlTask.cpp:384:6:void controlSystemUpdateSV(ControlClass*, PassDataSVHandle)	0	static
../Application/User/Core/controlTask.cpp:391:6:void controlSystemPassData(ControlClass*)	0	static
../Application/User/Core/controlTask.cpp:400:27:cpp)	0	static
