C:/Users/barlo/git/AAU-Flow-Temp-Control/Core/Src/stm32f7xx_hal_msp.c:67:6:HAL_MspInit	8	static
C:/Users/barlo/git/AAU-Flow-Temp-Control/Core/Src/stm32f7xx_hal_msp.c:91:6:HAL_ADC_MspInit	48	static
C:/Users/barlo/git/AAU-Flow-Temp-Control/Core/Src/stm32f7xx_hal_msp.c:143:6:HAL_ADC_MspDeInit	8	static
C:/Users/barlo/git/AAU-Flow-Temp-Control/Core/Src/stm32f7xx_hal_msp.c:173:6:HAL_CRC_MspInit	8	static
C:/Users/barlo/git/AAU-Flow-Temp-Control/Core/Src/stm32f7xx_hal_msp.c:195:6:HAL_CRC_MspDeInit	0	static
C:/Users/barlo/git/AAU-Flow-Temp-Control/Core/Src/stm32f7xx_hal_msp.c:217:6:HAL_DMA2D_MspInit	16	static
C:/Users/barlo/git/AAU-Flow-Temp-Control/Core/Src/stm32f7xx_hal_msp.c:242:6:HAL_DMA2D_MspDeInit	0	static
C:/Users/barlo/git/AAU-Flow-Temp-Control/Core/Src/stm32f7xx_hal_msp.c:267:6:HAL_I2C_MspInit	176	static
C:/Users/barlo/git/AAU-Flow-Temp-Control/Core/Src/stm32f7xx_hal_msp.c:346:6:HAL_I2C_MspDeInit	8	static
C:/Users/barlo/git/AAU-Flow-Temp-Control/Core/Src/stm32f7xx_hal_msp.c:397:6:HAL_LTDC_MspInit	192	static
C:/Users/barlo/git/AAU-Flow-Temp-Control/Core/Src/stm32f7xx_hal_msp.c:514:6:HAL_LTDC_MspDeInit	8	static
C:/Users/barlo/git/AAU-Flow-Temp-Control/Core/Src/stm32f7xx_hal_msp.c:583:6:HAL_QSPI_MspInit	64	static
C:/Users/barlo/git/AAU-Flow-Temp-Control/Core/Src/stm32f7xx_hal_msp.c:646:6:HAL_QSPI_MspDeInit	8	static
C:/Users/barlo/git/AAU-Flow-Temp-Control/Core/Src/stm32f7xx_hal_msp.c:683:6:HAL_TIM_Base_MspInit	48	static
C:/Users/barlo/git/AAU-Flow-Temp-Control/Core/Src/stm32f7xx_hal_msp.c:734:6:HAL_TIM_MspPostInit	32	static
C:/Users/barlo/git/AAU-Flow-Temp-Control/Core/Src/stm32f7xx_hal_msp.c:766:6:HAL_TIM_Base_MspDeInit	0	static
C:/Users/barlo/git/AAU-Flow-Temp-Control/Core/Src/stm32f7xx_hal_msp.c:918:6:HAL_SDRAM_MspInit	48	static
C:/Users/barlo/git/AAU-Flow-Temp-Control/Core/Src/stm32f7xx_hal_msp.c:1004:6:HAL_SDRAM_MspDeInit	8	static
