../../Middlewares/ST/touchgfx/framework/include/touchgfx/Screen.hpp:104:18:virtual void touchgfx::Screen::afterTransition()	0	static
../../Middlewares/ST/touchgfx/framework/include/touchgfx/Screen.hpp:144:18:virtual void touchgfx::Screen::handleTickEvent()	0	static
../../Middlewares/ST/touchgfx/framework/include/touchgfx/Screen.hpp:154:18:virtual void touchgfx::Screen::handleKeyEvent(uint8_t)	0	static
../../TouchGFX/gui/include/gui/screen1_screen/Screen1View.hpp:11:13:Screen1View::~Screen1View()	0	static
C:/Users/barlo/git/AAU-Flow-Temp-Control/TouchGFX/gui/src/screen1_screen/Screen1View.cpp:45:6:virtual void Screen1View::tearDownScreen()	0	static
../../TouchGFX/gui/include/gui/screen1_screen/Screen1View.hpp:11:13:virtual Screen1View::~Screen1View()	8	static
../../Middlewares/ST/touchgfx/framework/include/touchgfx/Drawable.hpp:343:10:void touchgfx::Drawable::setXY(int16_t, int16_t)	16	static
../../Middlewares/ST/touchgfx/framework/include/touchgfx/Drawable.hpp:411:10:void touchgfx::Drawable::setWidthHeight(int16_t, int16_t)	16	static
C:/Users/barlo/git/AAU-Flow-Temp-Control/TouchGFX/gui/src/screen1_screen/Screen1View.cpp:19:1:Screen1View::Screen1View()	8	static
C:/Users/barlo/git/AAU-Flow-Temp-Control/TouchGFX/gui/src/screen1_screen/Screen1View.cpp:51:6:void Screen1View::updateTempPV(float)	24	static
C:/Users/barlo/git/AAU-Flow-Temp-Control/TouchGFX/gui/src/screen1_screen/Screen1View.cpp:59:6:void Screen1View::updateFlowPV(float)	24	static
C:/Users/barlo/git/AAU-Flow-Temp-Control/TouchGFX/gui/src/screen1_screen/Screen1View.cpp:67:6:void Screen1View::updateTotalFlow(float)	24	static
C:/Users/barlo/git/AAU-Flow-Temp-Control/TouchGFX/gui/src/screen1_screen/Screen1View.cpp:76:6:void Screen1View::updateGraphTemp(float)	0	static
C:/Users/barlo/git/AAU-Flow-Temp-Control/TouchGFX/gui/src/screen1_screen/Screen1View.cpp:81:6:void Screen1View::updateGraphFlow(float)	0	static
C:/Users/barlo/git/AAU-Flow-Temp-Control/TouchGFX/gui/src/screen1_screen/Screen1View.cpp:225:6:void Screen1View::running()	16	static
C:/Users/barlo/git/AAU-Flow-Temp-Control/TouchGFX/gui/src/screen1_screen/Screen1View.cpp:243:6:void Screen1View::printTempSV()	16	static
C:/Users/barlo/git/AAU-Flow-Temp-Control/TouchGFX/gui/src/screen1_screen/Screen1View.cpp:88:6:virtual void Screen1View::incrementTemp()	0	static
C:/Users/barlo/git/AAU-Flow-Temp-Control/TouchGFX/gui/src/screen1_screen/Screen1View.cpp:96:6:virtual void Screen1View::decrementTemp()	8	static
C:/Users/barlo/git/AAU-Flow-Temp-Control/TouchGFX/gui/src/screen1_screen/Screen1View.cpp:256:6:void Screen1View::printFlowSV()	16	static
C:/Users/barlo/git/AAU-Flow-Temp-Control/TouchGFX/gui/src/screen1_screen/Screen1View.cpp:106:6:virtual void Screen1View::incrementFlow()	0	static
C:/Users/barlo/git/AAU-Flow-Temp-Control/TouchGFX/gui/src/screen1_screen/Screen1View.cpp:114:6:virtual void Screen1View::decrementFlow()	8	static
C:/Users/barlo/git/AAU-Flow-Temp-Control/TouchGFX/gui/src/screen1_screen/Screen1View.cpp:269:6:void Screen1View::printVolSV()	16	static
C:/Users/barlo/git/AAU-Flow-Temp-Control/TouchGFX/gui/src/screen1_screen/Screen1View.cpp:124:6:virtual void Screen1View::incrementVol()	0	static
C:/Users/barlo/git/AAU-Flow-Temp-Control/TouchGFX/gui/src/screen1_screen/Screen1View.cpp:132:6:virtual void Screen1View::decrementVol()	8	static
../../Middlewares/ST/touchgfx/framework/include/touchgfx/containers/buttons/ImageButtonStyle.hpp:61:18:void touchgfx::ImageButtonStyle<T>::setBitmaps(const touchgfx::Bitmap&, const touchgfx::Bitmap&) [with T = touchgfx::BoxWithBorderButtonStyle<touchgfx::ClickButtonTrigger>]	16	static
C:/Users/barlo/git/AAU-Flow-Temp-Control/TouchGFX/gui/src/screen1_screen/Screen1View.cpp:190:6:virtual void Screen1View::limitVol()	24	static
C:/Users/barlo/git/AAU-Flow-Temp-Control/TouchGFX/gui/src/screen1_screen/Screen1View.cpp:284:6:void Screen1View::setTempIcons()	24	static
C:/Users/barlo/git/AAU-Flow-Temp-Control/TouchGFX/gui/src/screen1_screen/Screen1View.cpp:142:6:virtual void Screen1View::startPauseTempControl()	0	static
C:/Users/barlo/git/AAU-Flow-Temp-Control/TouchGFX/gui/src/screen1_screen/Screen1View.cpp:154:6:virtual void Screen1View::stopTempControl()	0	static
C:/Users/barlo/git/AAU-Flow-Temp-Control/TouchGFX/gui/src/screen1_screen/Screen1View.cpp:307:6:void Screen1View::setFlowIcons()	24	static
C:/Users/barlo/git/AAU-Flow-Temp-Control/TouchGFX/gui/src/screen1_screen/Screen1View.cpp:164:6:virtual void Screen1View::startPauseFlowControl()	8	static
C:/Users/barlo/git/AAU-Flow-Temp-Control/TouchGFX/gui/src/screen1_screen/Screen1View.cpp:178:6:virtual void Screen1View::stopFlowControl()	8	static
C:/Users/barlo/git/AAU-Flow-Temp-Control/TouchGFX/gui/src/screen1_screen/Screen1View.cpp:24:6:virtual void Screen1View::setupScreen()	24	static
C:/Users/barlo/git/AAU-Flow-Temp-Control/TouchGFX/gui/src/screen1_screen/Screen1View.cpp:330:6:void Screen1View::resetFlowIcons()	24	static
