../../Middlewares/ST/touchgfx/framework/include/touchgfx/Screen.hpp:104:18:virtual void touchgfx::Screen::afterTransition()	0	static
../../Middlewares/ST/touchgfx/framework/include/touchgfx/Screen.hpp:144:18:virtual void touchgfx::Screen::handleTickEvent()	0	static
../../Middlewares/ST/touchgfx/framework/include/touchgfx/Screen.hpp:154:18:virtual void touchgfx::Screen::handleKeyEvent(uint8_t)	0	static
../../TouchGFX/gui/include/gui/screen2_screen/Screen2View.hpp:11:13:Screen2View::~Screen2View()	0	static
C:/Users/barlo/git/AAU-Flow-Temp-Control/TouchGFX/gui/src/screen2_screen/Screen2View.cpp:19:6:virtual void Screen2View::tearDownScreen()	0	static
../../TouchGFX/gui/include/gui/screen2_screen/Screen2View.hpp:11:13:virtual Screen2View::~Screen2View()	8	static
C:/Users/barlo/git/AAU-Flow-Temp-Control/TouchGFX/gui/src/screen2_screen/Screen2View.cpp:8:1:Screen2View::Screen2View()	8	static
C:/Users/barlo/git/AAU-Flow-Temp-Control/TouchGFX/gui/src/screen2_screen/Screen2View.cpp:24:6:void Screen2View::updateTempPVS2(float)	24	static
C:/Users/barlo/git/AAU-Flow-Temp-Control/TouchGFX/gui/src/screen2_screen/Screen2View.cpp:32:6:void Screen2View::updateFlowPVS2(float)	24	static
C:/Users/barlo/git/AAU-Flow-Temp-Control/TouchGFX/gui/src/screen2_screen/Screen2View.cpp:40:6:void Screen2View::updatePressureS2(float)	24	static
C:/Users/barlo/git/AAU-Flow-Temp-Control/TouchGFX/gui/src/screen2_screen/Screen2View.cpp:48:6:void Screen2View::updateRpmS2(float)	24	static
C:/Users/barlo/git/AAU-Flow-Temp-Control/TouchGFX/gui/src/screen2_screen/Screen2View.cpp:56:6:void Screen2View::updateTestVal1(float)	24	static
C:/Users/barlo/git/AAU-Flow-Temp-Control/TouchGFX/gui/src/screen2_screen/Screen2View.cpp:66:6:void Screen2View::updateTestVal2(float)	24	static
C:/Users/barlo/git/AAU-Flow-Temp-Control/TouchGFX/gui/src/screen2_screen/Screen2View.cpp:74:6:void Screen2View::updateDutyCycle(int)	16	static
C:/Users/barlo/git/AAU-Flow-Temp-Control/TouchGFX/gui/src/screen2_screen/Screen2View.cpp:102:6:void Screen2View::printDuty()	16	static
C:/Users/barlo/git/AAU-Flow-Temp-Control/TouchGFX/gui/src/screen2_screen/Screen2View.cpp:13:6:virtual void Screen2View::setupScreen()	8	static
C:/Users/barlo/git/AAU-Flow-Temp-Control/TouchGFX/gui/src/screen2_screen/Screen2View.cpp:82:6:virtual void Screen2View::incrementDuty()	0	static
C:/Users/barlo/git/AAU-Flow-Temp-Control/TouchGFX/gui/src/screen2_screen/Screen2View.cpp:91:6:virtual void Screen2View::decrementDuty()	8	static
