../../TouchGFX/gui/include/gui/model/ModelListener.hpp:15:18:virtual void ModelListener::updateTempWildcard(float)	0	static
../../TouchGFX/gui/include/gui/model/ModelListener.hpp:25:15:virtual void ModelListener::setPVTempS2(float)	0	static
../../TouchGFX/gui/include/gui/model/ModelListener.hpp:26:15:virtual void ModelListener::setPVFlowS2(float)	0	static
../../TouchGFX/gui/include/gui/model/ModelListener.hpp:27:15:virtual void ModelListener::setPressureS2(float)	0	static
../../TouchGFX/gui/include/gui/model/ModelListener.hpp:28:15:virtual void ModelListener::setRpmS2(float)	0	static
../../TouchGFX/gui/include/gui/model/ModelListener.hpp:35:15:virtual void ModelListener::setTestVal1(float)	0	static
../../TouchGFX/gui/include/gui/model/ModelListener.hpp:36:15:virtual void ModelListener::setTestVal2(float)	0	static
../../TouchGFX/gui/include/gui/model/ModelListener.hpp:37:15:virtual void ModelListener::setDutyCycle(int)	0	static
../../TouchGFX/gui/include/gui/screen1_screen/Screen1Presenter.hpp:28:13:Screen1Presenter::~Screen1Presenter()	0	static
C:/Users/barlo/git/AAU-Flow-Temp-Control/TouchGFX/gui/src/screen1_screen/Screen1Presenter.cpp:10:6:virtual void Screen1Presenter::activate()	0	static
../../TouchGFX/gui/include/gui/screen1_screen/Screen1Presenter.hpp:28:13:virtual Screen1Presenter::~Screen1Presenter()	8	static
C:/Users/barlo/git/AAU-Flow-Temp-Control/TouchGFX/gui/src/screen1_screen/Screen1Presenter.cpp:22:6:virtual void Screen1Presenter::setPVTemp(float)	0	static
C:/Users/barlo/git/AAU-Flow-Temp-Control/TouchGFX/gui/src/screen1_screen/Screen1Presenter.cpp:27:6:virtual void Screen1Presenter::setPVFlow(float)	0	static
C:/Users/barlo/git/AAU-Flow-Temp-Control/TouchGFX/gui/src/screen1_screen/Screen1Presenter.cpp:32:6:virtual void Screen1Presenter::setTotalFlow(float)	0	static
C:/Users/barlo/git/AAU-Flow-Temp-Control/TouchGFX/gui/src/screen1_screen/Screen1Presenter.cpp:37:6:virtual void Screen1Presenter::addDatapointTemp(float)	0	static
C:/Users/barlo/git/AAU-Flow-Temp-Control/TouchGFX/gui/src/screen1_screen/Screen1Presenter.cpp:42:6:virtual void Screen1Presenter::addDatapointFlow(float)	0	static
C:/Users/barlo/git/AAU-Flow-Temp-Control/TouchGFX/gui/src/screen1_screen/Screen1Presenter.cpp:47:6:virtual void Screen1Presenter::runProgress()	0	static
C:/Users/barlo/git/AAU-Flow-Temp-Control/TouchGFX/gui/src/screen1_screen/Screen1Presenter.cpp:57:6:virtual void Screen1Presenter::resetFlowControl()	0	static
../../TouchGFX/gui/include/gui/screen1_screen/Screen1Presenter.hpp:28:13:virtual void* Screen1Presenter::_ZThn4_N16Screen1PresenterD1Ev()	0	static
C:/Users/barlo/git/AAU-Flow-Temp-Control/TouchGFX/gui/src/screen1_screen/Screen1Presenter.cpp:4:1:Screen1Presenter::Screen1Presenter(Screen1View&)	8	static
C:/Users/barlo/git/AAU-Flow-Temp-Control/TouchGFX/gui/src/screen1_screen/Screen1Presenter.cpp:52:6:void Screen1Presenter::switchMotorState(int)	0	static
