../../TouchGFX/gui/include/gui/model/ModelListener.hpp:22:15:virtual void ModelListener::setPVTemp(float)	0	static
../../TouchGFX/gui/include/gui/model/ModelListener.hpp:23:15:virtual void ModelListener::setPVFlow(float)	0	static
../../TouchGFX/gui/include/gui/model/ModelListener.hpp:24:15:virtual void ModelListener::setTotalFlow(float)	0	static
../../TouchGFX/gui/include/gui/model/ModelListener.hpp:30:15:virtual void ModelListener::runProgress()	0	static
../../TouchGFX/gui/include/gui/model/ModelListener.hpp:32:15:virtual void ModelListener::addDatapointTemp(float)	0	static
../../TouchGFX/gui/include/gui/model/ModelListener.hpp:33:15:virtual void ModelListener::addDatapointFlow(float)	0	static
../../TouchGFX/gui/include/gui/model/ModelListener.hpp:39:15:virtual void ModelListener::resetFlowControl()	0	static
../../TouchGFX/gui/include/gui/screen2_screen/Screen2Presenter.hpp:31:13:Screen2Presenter::~Screen2Presenter()	0	static
C:/Users/barlo/git/AAU-Flow-Temp-Control/TouchGFX/gui/src/screen2_screen/Screen2Presenter.cpp:10:6:virtual void Screen2Presenter::activate()	0	static
C:/Users/barlo/git/AAU-Flow-Temp-Control/TouchGFX/gui/src/screen2_screen/Screen2Presenter.cpp:19:6:virtual void Screen2Presenter::updateTempWildcard(float)	0	static
../../TouchGFX/gui/include/gui/screen2_screen/Screen2Presenter.hpp:31:13:virtual Screen2Presenter::~Screen2Presenter()	8	static
C:/Users/barlo/git/AAU-Flow-Temp-Control/TouchGFX/gui/src/screen2_screen/Screen2Presenter.cpp:24:6:virtual void Screen2Presenter::setPVTempS2(float)	0	static
C:/Users/barlo/git/AAU-Flow-Temp-Control/TouchGFX/gui/src/screen2_screen/Screen2Presenter.cpp:29:6:virtual void Screen2Presenter::setPVFlowS2(float)	0	static
C:/Users/barlo/git/AAU-Flow-Temp-Control/TouchGFX/gui/src/screen2_screen/Screen2Presenter.cpp:34:6:virtual void Screen2Presenter::setPressureS2(float)	0	static
C:/Users/barlo/git/AAU-Flow-Temp-Control/TouchGFX/gui/src/screen2_screen/Screen2Presenter.cpp:39:6:virtual void Screen2Presenter::setRpmS2(float)	0	static
C:/Users/barlo/git/AAU-Flow-Temp-Control/TouchGFX/gui/src/screen2_screen/Screen2Presenter.cpp:44:6:virtual void Screen2Presenter::setTestVal1(float)	0	static
C:/Users/barlo/git/AAU-Flow-Temp-Control/TouchGFX/gui/src/screen2_screen/Screen2Presenter.cpp:49:6:virtual void Screen2Presenter::setTestVal2(float)	0	static
C:/Users/barlo/git/AAU-Flow-Temp-Control/TouchGFX/gui/src/screen2_screen/Screen2Presenter.cpp:54:6:virtual void Screen2Presenter::setDutyCycle(int)	0	static
../../TouchGFX/gui/include/gui/screen2_screen/Screen2Presenter.hpp:31:13:virtual void* Screen2Presenter::_ZThn4_N16Screen2PresenterD1Ev()	0	static
../../TouchGFX/gui/include/gui/screen2_screen/Screen2Presenter.hpp:29:18:virtual void Screen2Presenter::_ZThn4_N16Screen2Presenter18updateTempWildcardEf(float)	0	static
C:/Users/barlo/git/AAU-Flow-Temp-Control/TouchGFX/gui/src/screen2_screen/Screen2Presenter.cpp:4:1:Screen2Presenter::Screen2Presenter(Screen2View&)	8	static
