../../Middlewares/ST/touchgfx/framework/include/touchgfx/Screen.hpp:104:18:virtual void touchgfx::Screen::afterTransition()	0	static
../../Middlewares/ST/touchgfx/framework/include/touchgfx/Screen.hpp:144:18:virtual void touchgfx::Screen::handleTickEvent()	0	static
../../Middlewares/ST/touchgfx/framework/include/touchgfx/Screen.hpp:154:18:virtual void touchgfx::Screen::handleKeyEvent(uint8_t)	0	static
../../TouchGFX/gui/include/gui/screen1_screen/Screen1View.hpp:11:13:Screen1View::~Screen1View()	0	static
C:/Users/barlo/git/AAU-Flow-Temp-Control/TouchGFX/gui/src/screen1_screen/Screen1View.cpp:52:6:virtual void Screen1View::tearDownScreen()	0	static
C:/Users/barlo/git/AAU-Flow-Temp-Control/TouchGFX/gui/src/screen1_screen/Screen1View.cpp:333:6:virtual void Screen1View::setSpanDays()	32	static
C:/Users/barlo/git/AAU-Flow-Temp-Control/TouchGFX/gui/src/screen1_screen/Screen1View.cpp:356:6:virtual void Screen1View::setSpanMinutes()	32	static
../../TouchGFX/gui/include/gui/screen1_screen/Screen1View.hpp:11:13:virtual Screen1View::~Screen1View()	8	static
../../Middlewares/ST/touchgfx/framework/include/touchgfx/Drawable.hpp:343:10:void touchgfx::Drawable::setXY(int16_t, int16_t)	16	static
../../Middlewares/ST/touchgfx/framework/include/touchgfx/Drawable.hpp:411:10:void touchgfx::Drawable::setWidthHeight(int16_t, int16_t)	16	static
C:/Users/barlo/git/AAU-Flow-Temp-Control/TouchGFX/gui/src/screen1_screen/Screen1View.cpp:30:1:Screen1View::Screen1View()	8	static
C:/Users/barlo/git/AAU-Flow-Temp-Control/TouchGFX/gui/src/screen1_screen/Screen1View.cpp:58:6:void Screen1View::updateTempPV(float)	24	static
C:/Users/barlo/git/AAU-Flow-Temp-Control/TouchGFX/gui/src/screen1_screen/Screen1View.cpp:66:6:void Screen1View::updateFlowPV(float)	24	static
C:/Users/barlo/git/AAU-Flow-Temp-Control/TouchGFX/gui/src/screen1_screen/Screen1View.cpp:74:6:void Screen1View::updateTotalFlow(float)	24	static
C:/Users/barlo/git/AAU-Flow-Temp-Control/TouchGFX/gui/src/screen1_screen/Screen1View.cpp:82:6:void Screen1View::updateTime(float)	16	static
C:/Users/barlo/git/AAU-Flow-Temp-Control/TouchGFX/gui/src/screen1_screen/Screen1View.cpp:113:6:void Screen1View::updateGraphTemp(float)	0	static
C:/Users/barlo/git/AAU-Flow-Temp-Control/TouchGFX/gui/src/screen1_screen/Screen1View.cpp:120:6:void Screen1View::updateGraphFlow(float)	0	static
C:/Users/barlo/git/AAU-Flow-Temp-Control/TouchGFX/gui/src/screen1_screen/Screen1View.cpp:228:6:void Screen1View::running()	16	static
C:/Users/barlo/git/AAU-Flow-Temp-Control/TouchGFX/gui/src/screen1_screen/Screen1View.cpp:246:6:void Screen1View::printTempSV()	16	static
C:/Users/barlo/git/AAU-Flow-Temp-Control/TouchGFX/gui/src/screen1_screen/Screen1View.cpp:129:6:virtual void Screen1View::incrementTemp()	0	static
C:/Users/barlo/git/AAU-Flow-Temp-Control/TouchGFX/gui/src/screen1_screen/Screen1View.cpp:137:6:virtual void Screen1View::decrementTemp()	8	static
C:/Users/barlo/git/AAU-Flow-Temp-Control/TouchGFX/gui/src/screen1_screen/Screen1View.cpp:259:6:void Screen1View::printFlowSV()	16	static
C:/Users/barlo/git/AAU-Flow-Temp-Control/TouchGFX/gui/src/screen1_screen/Screen1View.cpp:147:6:virtual void Screen1View::incrementFlow()	0	static
C:/Users/barlo/git/AAU-Flow-Temp-Control/TouchGFX/gui/src/screen1_screen/Screen1View.cpp:155:6:virtual void Screen1View::decrementFlow()	8	static
C:/Users/barlo/git/AAU-Flow-Temp-Control/TouchGFX/gui/src/screen1_screen/Screen1View.cpp:379:6:void Screen1View::calcETA()	0	static
../../Middlewares/ST/touchgfx/framework/include/touchgfx/containers/buttons/ImageButtonStyle.hpp:61:18:void touchgfx::ImageButtonStyle<T>::setBitmaps(const touchgfx::Bitmap&, const touchgfx::Bitmap&) [with T = touchgfx::BoxWithBorderButtonStyle<touchgfx::ClickButtonTrigger>]	16	static
C:/Users/barlo/git/AAU-Flow-Temp-Control/TouchGFX/gui/src/screen1_screen/Screen1View.cpp:276:6:void Screen1View::setTempIcons()	24	static
C:/Users/barlo/git/AAU-Flow-Temp-Control/TouchGFX/gui/src/screen1_screen/Screen1View.cpp:165:6:virtual void Screen1View::startPauseTempControl()	0	static
C:/Users/barlo/git/AAU-Flow-Temp-Control/TouchGFX/gui/src/screen1_screen/Screen1View.cpp:177:6:virtual void Screen1View::stopTempControl()	0	static
C:/Users/barlo/git/AAU-Flow-Temp-Control/TouchGFX/gui/src/screen1_screen/Screen1View.cpp:299:6:void Screen1View::setFlowIcons()	24	static
C:/Users/barlo/git/AAU-Flow-Temp-Control/TouchGFX/gui/src/screen1_screen/Screen1View.cpp:35:6:virtual void Screen1View::setupScreen()	8	static
C:/Users/barlo/git/AAU-Flow-Temp-Control/TouchGFX/gui/src/screen1_screen/Screen1View.cpp:205:6:virtual void Screen1View::stopFlowControl()	16	static
C:/Users/barlo/git/AAU-Flow-Temp-Control/TouchGFX/gui/src/screen1_screen/Screen1View.cpp:187:6:virtual void Screen1View::startPauseFlowControl()	16	static
C:/Users/barlo/git/AAU-Flow-Temp-Control/TouchGFX/gui/src/screen1_screen/Screen1View.cpp:322:6:void Screen1View::resetFlowIcons()	24	static
